[2022-12-17 05:59:52,488] - DEBUG in main, main(): Begin crawl, None
[2022-12-17 05:59:52,488] - INFO in src.orchestrator, main(): ---- START SECTION: constitution ----, None
[2022-12-17 05:59:52,488] - INFO in src.orchestrator, process_website_section(): ---- BEGIN STAGE: index ----, None
[2022-12-17 05:59:52,488] - INFO in src.orchestrator, process_website_section(): ---- BEGIN CRAWL ----, None
[2022-12-17 05:59:52,488] - DEBUG in utils.common, build_url_from_config(): Completed URL: https://www.legislation.gov.au/Browse/ByTitle/Constitution/InForce, None
[2022-12-17 05:59:55,021] - INFO in scrapy.utils.log, log_scrapy_info(): Scrapy 2.6.1 started (bot: legislation), None
[2022-12-17 05:59:55,040] - INFO in scrapy.utils.log, log_scrapy_info(): Versions: lxml 4.9.1.0, libxml2 2.9.13, cssselect 1.1.0, parsel 1.6.0, w3lib 1.22.0, Twisted 22.4.0, Python 3.10.8 (main, Oct 13 2022, 09:48:40) [Clang 14.0.0 (clang-1400.0.29.102)], pyOpenSSL 19.1.0 (OpenSSL 1.1.1n  15 Mar 2022), cryptography 36.0.2, Platform macOS-13.0.1-arm64-arm-64bit, None
[2022-12-17 05:59:55,044] - INFO in scrapy.crawler, __init__(): Overridden settings:
{'BOT_NAME': 'legislation',
 'DOWNLOAD_DELAY': 3,
 'NEWSPIDER_MODULE': 'utils.legislation.spiders',
 'ROBOTSTXT_OBEY': True,
 'SPIDER_MODULES': ['utils.legislation.spiders']}, None
[2022-12-17 05:59:55,047] - DEBUG in scrapy.utils.log, log_reactor_info(): Using reactor: twisted.internet.selectreactor.SelectReactor, None
[2022-12-17 05:59:55,053] - INFO in scrapy.extensions.telnet, __init__(): Telnet Password: 8ec7bb4d85253156, None
[2022-12-17 05:59:55,060] - INFO in scrapy.middleware, from_settings(): Enabled extensions:
['scrapy.extensions.corestats.CoreStats',
 'scrapy.extensions.telnet.TelnetConsole',
 'scrapy.extensions.memusage.MemoryUsage',
 'scrapy.extensions.logstats.LogStats'], None
[2022-12-17 05:59:55,100] - INFO in scrapy.middleware, from_settings(): Enabled downloader middlewares:
['scrapy.downloadermiddlewares.robotstxt.RobotsTxtMiddleware',
 'scrapy.downloadermiddlewares.httpauth.HttpAuthMiddleware',
 'scrapy.downloadermiddlewares.downloadtimeout.DownloadTimeoutMiddleware',
 'scrapy.downloadermiddlewares.defaultheaders.DefaultHeadersMiddleware',
 'scrapy.downloadermiddlewares.useragent.UserAgentMiddleware',
 'scrapy.downloadermiddlewares.retry.RetryMiddleware',
 'scrapy.downloadermiddlewares.redirect.MetaRefreshMiddleware',
 'scrapy.downloadermiddlewares.httpcompression.HttpCompressionMiddleware',
 'scrapy.downloadermiddlewares.redirect.RedirectMiddleware',
 'scrapy.downloadermiddlewares.cookies.CookiesMiddleware',
 'scrapy.downloadermiddlewares.httpproxy.HttpProxyMiddleware',
 'scrapy.downloadermiddlewares.stats.DownloaderStats'], None
[2022-12-17 05:59:55,101] - INFO in scrapy.middleware, from_settings(): Enabled spider middlewares:
['scrapy.spidermiddlewares.httperror.HttpErrorMiddleware',
 'scrapy.spidermiddlewares.offsite.OffsiteMiddleware',
 'scrapy.spidermiddlewares.referer.RefererMiddleware',
 'scrapy.spidermiddlewares.urllength.UrlLengthMiddleware',
 'scrapy.spidermiddlewares.depth.DepthMiddleware'], None
[2022-12-17 05:59:55,102] - INFO in scrapy.middleware, from_settings(): Enabled item pipelines:
['helpers.crawler.LegislationPipeline'], None
[2022-12-17 05:59:55,102] - INFO in scrapy.core.engine, open_spider(): Spider opened, None
[2022-12-17 05:59:55,147] - INFO in scrapy.extensions.logstats, log(): Crawled 0 pages (at 0 pages/min), scraped 0 items (at 0 items/min), None
[2022-12-17 05:59:55,148] - INFO in scrapy.extensions.telnet, start_listening(): Telnet console listening on 127.0.0.1:6023, None
[2022-12-17 05:59:55,368] - DEBUG in scrapy.core.engine, _on_success(): Crawled (200) <GET https://www.legislation.gov.au/robots.txt> (referer: None), None
[2022-12-17 06:00:02,018] - DEBUG in scrapy.core.engine, _on_success(): Crawled (200) <GET https://www.legislation.gov.au/Browse/ByTitle/Constitution/InForce> (referer: None), None
[2022-12-17 06:00:02,155] - DEBUG in scrapy.core.scraper, _itemproc_finished(): Scraped from <200 https://www.legislation.gov.au/Browse/ByTitle/Constitution/InForce>
None, None
[2022-12-17 06:00:02,156] - INFO in scrapy.core.engine, close_spider(): Closing spider (finished), None
[2022-12-17 06:00:02,156] - INFO in scrapy.statscollectors, close_spider(): Dumping Scrapy stats:
{'downloader/request_bytes': 489,
 'downloader/request_count': 2,
 'downloader/request_method_count/GET': 2,
 'downloader/response_bytes': 61099,
 'downloader/response_count': 2,
 'downloader/response_status_count/200': 2,
 'elapsed_time_seconds': 7.008756,
 'finish_reason': 'finished',
 'finish_time': datetime.datetime(2022, 12, 16, 22, 0, 2, 156569),
 'httpcompression/response_bytes': 101091,
 'httpcompression/response_count': 2,
 'item_scraped_count': 1,
 'log_count/DEBUG': 4,
 'log_count/INFO': 10,
 'memusage/max': 62324736,
 'memusage/startup': 62324736,
 'response_received_count': 2,
 'robotstxt/request_count': 1,
 'robotstxt/response_count': 1,
 'robotstxt/response_status_count/200': 1,
 'scheduler/dequeued': 1,
 'scheduler/dequeued/memory': 1,
 'scheduler/enqueued': 1,
 'scheduler/enqueued/memory': 1,
 'start_time': datetime.datetime(2022, 12, 16, 21, 59, 55, 147813)}, None
[2022-12-17 06:00:02,156] - INFO in scrapy.core.engine, <lambda>(): Spider closed (finished), None
[2022-12-17 06:00:02,208] - INFO in src.orchestrator, process_website_section(): ---- BEGIN STAGE: series ----, None
[2022-12-17 06:00:02,208] - INFO in src.orchestrator, process_website_section(): ---- BEGIN CRAWL ----, None
[2022-12-17 06:00:02,208] - DEBUG in utils.common, build_url_from_config(): Completed URL: https://www.legislation.gov.au/Series/C2004Q00685, None
[2022-12-17 06:00:02,212] - INFO in scrapy.utils.log, log_scrapy_info(): Scrapy 2.6.1 started (bot: legislation), None
[2022-12-17 06:00:02,212] - INFO in scrapy.utils.log, log_scrapy_info(): Versions: lxml 4.9.1.0, libxml2 2.9.13, cssselect 1.1.0, parsel 1.6.0, w3lib 1.22.0, Twisted 22.4.0, Python 3.10.8 (main, Oct 13 2022, 09:48:40) [Clang 14.0.0 (clang-1400.0.29.102)], pyOpenSSL 19.1.0 (OpenSSL 1.1.1n  15 Mar 2022), cryptography 36.0.2, Platform macOS-13.0.1-arm64-arm-64bit, None
[2022-12-17 06:00:02,214] - INFO in scrapy.crawler, __init__(): Overridden settings:
{'BOT_NAME': 'legislation',
 'DOWNLOAD_DELAY': 3,
 'NEWSPIDER_MODULE': 'utils.legislation.spiders',
 'ROBOTSTXT_OBEY': True,
 'SPIDER_MODULES': ['utils.legislation.spiders']}, None
[2022-12-17 06:00:02,214] - DEBUG in scrapy.utils.log, log_reactor_info(): Using reactor: twisted.internet.selectreactor.SelectReactor, None
[2022-12-17 06:00:02,214] - INFO in scrapy.extensions.telnet, __init__(): Telnet Password: 1caf59fb3b39a192, None
[2022-12-17 06:00:02,214] - INFO in scrapy.middleware, from_settings(): Enabled extensions:
['scrapy.extensions.corestats.CoreStats',
 'scrapy.extensions.telnet.TelnetConsole',
 'scrapy.extensions.memusage.MemoryUsage',
 'scrapy.extensions.logstats.LogStats'], None
[2022-12-17 06:00:02,215] - INFO in scrapy.middleware, from_settings(): Enabled downloader middlewares:
['scrapy.downloadermiddlewares.robotstxt.RobotsTxtMiddleware',
 'scrapy.downloadermiddlewares.httpauth.HttpAuthMiddleware',
 'scrapy.downloadermiddlewares.downloadtimeout.DownloadTimeoutMiddleware',
 'scrapy.downloadermiddlewares.defaultheaders.DefaultHeadersMiddleware',
 'scrapy.downloadermiddlewares.useragent.UserAgentMiddleware',
 'scrapy.downloadermiddlewares.retry.RetryMiddleware',
 'scrapy.downloadermiddlewares.redirect.MetaRefreshMiddleware',
 'scrapy.downloadermiddlewares.httpcompression.HttpCompressionMiddleware',
 'scrapy.downloadermiddlewares.redirect.RedirectMiddleware',
 'scrapy.downloadermiddlewares.cookies.CookiesMiddleware',
 'scrapy.downloadermiddlewares.httpproxy.HttpProxyMiddleware',
 'scrapy.downloadermiddlewares.stats.DownloaderStats'], None
[2022-12-17 06:00:02,216] - INFO in scrapy.middleware, from_settings(): Enabled spider middlewares:
['scrapy.spidermiddlewares.httperror.HttpErrorMiddleware',
 'scrapy.spidermiddlewares.offsite.OffsiteMiddleware',
 'scrapy.spidermiddlewares.referer.RefererMiddleware',
 'scrapy.spidermiddlewares.urllength.UrlLengthMiddleware',
 'scrapy.spidermiddlewares.depth.DepthMiddleware'], None
[2022-12-17 06:00:02,216] - INFO in scrapy.middleware, from_settings(): Enabled item pipelines:
['helpers.crawler.LegislationPipeline'], None
[2022-12-17 06:00:02,216] - INFO in scrapy.core.engine, open_spider(): Spider opened, None
[2022-12-17 06:00:02,216] - INFO in scrapy.extensions.logstats, log(): Crawled 0 pages (at 0 pages/min), scraped 0 items (at 0 items/min), None
[2022-12-17 06:00:02,217] - INFO in scrapy.extensions.telnet, start_listening(): Telnet console listening on 127.0.0.1:6023, None
[2022-12-17 06:00:02,429] - DEBUG in scrapy.core.engine, _on_success(): Crawled (200) <GET https://www.legislation.gov.au/robots.txt> (referer: None), None
[2022-12-17 06:00:06,766] - DEBUG in scrapy.core.engine, _on_success(): Crawled (200) <GET https://www.legislation.gov.au/Series/C2004Q00685> (referer: None), None
[2022-12-17 06:00:06,905] - INFO in utils.metadata, fill_out_table_template(): START ITERATING, None
[2022-12-17 06:00:06,905] - ERROR in utils.metadata, get_template(): Did not find a valid template for metadata type "series_table" in global dict "{'series': {'series_pane': {'div_class': 'left', 'columns': [{'name': 'title', 'element': 'h2', 'class': 'wraptext'}, {'name': 'notation', 'element': 'span', 'id': 'MainContent_SeriesPane_lblSeriesNotations'}, {'name': 'admin_departments', 'element': 'span', 'id': 'MainContent_SeriesPane_lblAdminDepts'}, {'name': 'details', 'element': 'span', 'id': 'MainContent_SeriesPane_lblDetails'}, {'name': 'commence_label', 'element': 'span', 'id': 'MainContent_SeriesPane_lblCommences'}, {'name': 'commence_date_formatted', 'element': 'span', 'id': 'MainContent_SeriesPane_lblCommencesDate'}, {'name': 'repealed_label', 'element': 'span', 'id': 'MainContent_SeriesPane_lblRepealedFieldLabel'}, {'name': 'repealed_date_formatted', 'element': 'span', 'id': 'MainContent_SeriesPane_lblRepealed'}, {'name': 'repeal_reason', 'element': 'span', 'id': 'MainContent_SeriesPane_lblRepealingReason'}, {'name': 'ceased_label', 'element': 'span', 'id': 'MainContent_SeriesPane_lblCeasedFieldLabel'}, {'name': 'ceased_datetime_formatted', 'element': 'span', 'id': 'MainContent_SeriesPane_lblCeased'}, {'name': 'ceasing_reason', 'element': 'span', 'id': 'MainContent_SeriesPane_lblCeasingReason'}]}, 'series_table': {'div_class': 'right', 'table_class': 'rgMasterTable', 'columns': [{'name': 'document_status', 'element': 'span', 'id_like': 'lblTitleStatus'}, {'name': 'incorporated_amendments', 'element': 'span', 'id_like': 'lblIncorpTo'}, {'name': 'incorporated_amendments_linked', 'element': 'a', 'id_like': 'hlIncorpTo'}], 'untitled_column_names': ['registered_date', 'register_id', 'comp_no', 'start_date', 'end_date'], 'column_order': ['register_id', 'document_status', 'registered_date', 'comp_no', 'start_date', 'end_date', 'incorporated_amendments', 'amendment_id']}}, 'details': [{'name': 'description', 'element': 'span', 'id': 'MainContent_ucLegItemPane_lblBD'}, {'name': 'details', 'element': 'span', 'id': 'MainContent_ucLegItemPane_lblDetail'}, {'name': 'number_year', 'element': 'span', 'id': 'MainContent_ucLegItemPane_lblNumberYear'}, {'name': 'admin_departments', 'element': 'span', 'id': 'MainContent_ucLegItemPane_lblAdminDepts'}, {'name': 'comments', 'element': 'span', 'id': 'MainContent_ucLegItemPane_lblComments'}, {'name': 'published', 'element': 'span', 'id': 'MainContent_ucLegItemPane_lblPublished'}, {'name': 'detail_start_date', 'element': 'span', 'id': 'MainContent_ucLegItemPane_lblStartDate'}, {'name': 'detail_end_date', 'element': 'span', 'id': 'MainContent_ucLegItemPane_lblEndDate'}]}", None
NoneType: None
[2022-12-17 06:00:06,905] - ERROR in utils.metadata, get_template(): Problem retrieving metadata type "series_table" with error: , None
Traceback (most recent call last):
  File "/Users/gwyn/GitHub/aussie_politics/utils/metadata.py", line 168, in get_template
    raise Exception
Exception
[2022-12-17 06:00:06,906] - ERROR in scrapy.core.scraper, _itemproc_finished(): Error processing {'link': 'https://www.legislation.gov.au/Series/C2004Q00685', 'section': 'constitution', 'page_type': 'series', 'content': [<Selector xpath='.//body' data='<body>\n    <h1 class="sr-only">Federa...'>]}, None
Traceback (most recent call last):
  File "/Users/gwyn/GitHub/aussie_politics/utils/metadata.py", line 168, in get_template
    raise Exception
Exception

During handling of the above exception, another exception occurred:

Traceback (most recent call last):
  File "/Users/gwyn/GitHub/aussie_politics/.venv/lib/python3.10/site-packages/twisted/internet/defer.py", line 857, in _runCallbacks
    current.result = callback(  # type: ignore[misc]
  File "/Users/gwyn/GitHub/aussie_politics/.venv/lib/python3.10/site-packages/scrapy/utils/defer.py", line 162, in f
    return deferred_from_coro(coro_f(*coro_args, **coro_kwargs))
  File "/Users/gwyn/GitHub/aussie_politics/helpers/crawler.py", line 27, in process_item
    src.series.process_series(adaptor)
  File "/Users/gwyn/GitHub/aussie_politics/src/series.py", line 89, in process_series
    series_metadata = utils.metadata.get_series(page_content)
  File "/Users/gwyn/GitHub/aussie_politics/utils/metadata.py", line 61, in get_series
    complete_record = fill_out_table_template(row, base_record)
  File "/Users/gwyn/GitHub/aussie_politics/utils/metadata.py", line 106, in fill_out_table_template
    soup, get_template('series_table'))
  File "/Users/gwyn/GitHub/aussie_politics/utils/metadata.py", line 173, in get_template
    raise Exception
Exception
[2022-12-17 06:00:06,910] - INFO in scrapy.core.engine, close_spider(): Closing spider (finished), None
[2022-12-17 06:00:06,910] - INFO in scrapy.statscollectors, close_spider(): Dumping Scrapy stats:
{'downloader/request_bytes': 472,
 'downloader/request_count': 2,
 'downloader/request_method_count/GET': 2,
 'downloader/response_bytes': 65104,
 'downloader/response_count': 2,
 'downloader/response_status_count/200': 2,
 'elapsed_time_seconds': 4.693769,
 'finish_reason': 'finished',
 'finish_time': datetime.datetime(2022, 12, 16, 22, 0, 6, 910401),
 'httpcompression/response_bytes': 99996,
 'httpcompression/response_count': 2,
 'log_count/DEBUG': 3,
 'log_count/ERROR': 3,
 'log_count/INFO': 11,
 'memusage/max': 66600960,
 'memusage/startup': 66600960,
 'response_received_count': 2,
 'robotstxt/request_count': 1,
 'robotstxt/response_count': 1,
 'robotstxt/response_status_count/200': 1,
 'scheduler/dequeued': 1,
 'scheduler/dequeued/memory': 1,
 'scheduler/enqueued': 1,
 'scheduler/enqueued/memory': 1,
 'start_time': datetime.datetime(2022, 12, 16, 22, 0, 2, 216632)}, None
[2022-12-17 06:00:06,910] - INFO in scrapy.core.engine, <lambda>(): Spider closed (finished), None
[2022-12-17 06:00:06,962] - INFO in src.orchestrator, process_website_section(): ---- BEGIN STAGE: principal ----, None
[2022-12-17 06:00:06,962] - INFO in src.orchestrator, process_website_section(): ---- ADD PRINCIPAL ----, None
[2022-12-17 06:00:06,962] - INFO in src.orchestrator, process_website_section(): ---- BEGIN STAGE: details ----, None
[2022-12-17 06:00:06,962] - INFO in src.orchestrator, process_website_section(): ---- BEGIN CRAWL ----, None
[2022-12-17 06:00:06,965] - INFO in scrapy.utils.log, log_scrapy_info(): Scrapy 2.6.1 started (bot: legislation), None
[2022-12-17 06:00:06,965] - INFO in scrapy.utils.log, log_scrapy_info(): Versions: lxml 4.9.1.0, libxml2 2.9.13, cssselect 1.1.0, parsel 1.6.0, w3lib 1.22.0, Twisted 22.4.0, Python 3.10.8 (main, Oct 13 2022, 09:48:40) [Clang 14.0.0 (clang-1400.0.29.102)], pyOpenSSL 19.1.0 (OpenSSL 1.1.1n  15 Mar 2022), cryptography 36.0.2, Platform macOS-13.0.1-arm64-arm-64bit, None
[2022-12-17 06:00:06,967] - INFO in scrapy.crawler, __init__(): Overridden settings:
{'BOT_NAME': 'legislation',
 'DOWNLOAD_DELAY': 3,
 'NEWSPIDER_MODULE': 'utils.legislation.spiders',
 'ROBOTSTXT_OBEY': True,
 'SPIDER_MODULES': ['utils.legislation.spiders']}, None
[2022-12-17 06:00:06,967] - DEBUG in scrapy.utils.log, log_reactor_info(): Using reactor: twisted.internet.selectreactor.SelectReactor, None
[2022-12-17 06:00:06,967] - INFO in scrapy.extensions.telnet, __init__(): Telnet Password: c7e128a511b4c079, None
[2022-12-17 06:00:06,967] - INFO in scrapy.middleware, from_settings(): Enabled extensions:
['scrapy.extensions.corestats.CoreStats',
 'scrapy.extensions.telnet.TelnetConsole',
 'scrapy.extensions.memusage.MemoryUsage',
 'scrapy.extensions.logstats.LogStats'], None
[2022-12-17 06:00:06,967] - INFO in src.orchestrator, process_website_section(): ---- BEGIN STAGE: download ----, None
[2022-12-17 06:00:06,968] - INFO in src.orchestrator, process_website_section(): ---- DOWNLOAD ITEMS ----, None
[2022-12-17 06:00:06,968] - INFO in src.orchestrator, process_website_section(): ---- BEGIN STAGE: diff ----, None
[2022-12-17 06:00:06,981] - CRITICAL in twisted, publishToNewObserver(): Unhandled error in Deferred:, None
[2022-12-17 06:00:06,981] - CRITICAL in twisted, publishToNewObserver(): Unhandled error in Deferred:, None
[2022-12-17 06:00:06,981] - CRITICAL in twisted, publishToNewObserver(): Unhandled error in Deferred:, None
[2022-12-17 06:00:06,981] - CRITICAL in twisted, publishToNewObserver(): , None
Traceback (most recent call last):
  File "/Users/gwyn/GitHub/aussie_politics/.venv/lib/python3.10/site-packages/twisted/internet/defer.py", line 1660, in _inlineCallbacks
    result = current_context.run(gen.send, result)
  File "/Users/gwyn/GitHub/aussie_politics/.venv/lib/python3.10/site-packages/scrapy/crawler.py", line 101, in crawl
    self.spider = self._create_spider(*args, **kwargs)
  File "/Users/gwyn/GitHub/aussie_politics/.venv/lib/python3.10/site-packages/scrapy/crawler.py", line 113, in _create_spider
    return self.spidercls.from_crawler(self, *args, **kwargs)
  File "/Users/gwyn/GitHub/aussie_politics/.venv/lib/python3.10/site-packages/scrapy/spiders/__init__.py", line 48, in from_crawler
    spider = cls(*args, **kwargs)
  File "/Users/gwyn/GitHub/aussie_politics/utils/legislation/spiders/pages.py", line 21, in __init__
    raise Exception('No URL was passed to the pages spider, only: {}'.format(kw))
Exception: No URL was passed to the pages spider, only: {'urls': []}
[2022-12-17 06:00:06,981] - CRITICAL in twisted, publishToNewObserver(): , None
Traceback (most recent call last):
  File "/Users/gwyn/GitHub/aussie_politics/.venv/lib/python3.10/site-packages/twisted/internet/defer.py", line 1660, in _inlineCallbacks
    result = current_context.run(gen.send, result)
  File "/Users/gwyn/GitHub/aussie_politics/.venv/lib/python3.10/site-packages/scrapy/crawler.py", line 101, in crawl
    self.spider = self._create_spider(*args, **kwargs)
  File "/Users/gwyn/GitHub/aussie_politics/.venv/lib/python3.10/site-packages/scrapy/crawler.py", line 113, in _create_spider
    return self.spidercls.from_crawler(self, *args, **kwargs)
  File "/Users/gwyn/GitHub/aussie_politics/.venv/lib/python3.10/site-packages/scrapy/spiders/__init__.py", line 48, in from_crawler
    spider = cls(*args, **kwargs)
  File "/Users/gwyn/GitHub/aussie_politics/utils/legislation/spiders/pages.py", line 21, in __init__
    raise Exception('No URL was passed to the pages spider, only: {}'.format(kw))
Exception: No URL was passed to the pages spider, only: {'urls': []}
[2022-12-17 06:00:06,982] - CRITICAL in twisted, publishToNewObserver(): , None
Traceback (most recent call last):
  File "/Users/gwyn/GitHub/aussie_politics/.venv/lib/python3.10/site-packages/twisted/internet/defer.py", line 1660, in _inlineCallbacks
    result = current_context.run(gen.send, result)
  File "/Users/gwyn/GitHub/aussie_politics/.venv/lib/python3.10/site-packages/scrapy/crawler.py", line 101, in crawl
    self.spider = self._create_spider(*args, **kwargs)
  File "/Users/gwyn/GitHub/aussie_politics/.venv/lib/python3.10/site-packages/scrapy/crawler.py", line 113, in _create_spider
    return self.spidercls.from_crawler(self, *args, **kwargs)
  File "/Users/gwyn/GitHub/aussie_politics/.venv/lib/python3.10/site-packages/scrapy/spiders/__init__.py", line 48, in from_crawler
    spider = cls(*args, **kwargs)
  File "/Users/gwyn/GitHub/aussie_politics/utils/legislation/spiders/pages.py", line 21, in __init__
    raise Exception('No URL was passed to the pages spider, only: {}'.format(kw))
Exception: No URL was passed to the pages spider, only: {'urls': []}
